[    1336ms] [VERBOSE] [DOM] Password forms should have (optionally hidden) username fields for accessibility: (More info: https://goo.gl/9p2vKq) %o @ http://localhost:3100/login:0
[    1393ms] [INFO] %cDownload the React DevTools for a better development experience: https://react.dev/link/react-devtools font-weight:bold @ http://localhost:3100/_next/static/chunks/019s_next_dist_1o1o7m3._.js:776
[    1532ms] [LOG] [HMR] connected @ http://localhost:3100/_next/static/chunks/019s_next_dist_1o1o7m3._.js:776
[    1760ms] [LOG] [Fast Refresh] rebuilding @ http://localhost:3100/_next/static/chunks/019s_next_dist_1o1o7m3._.js:776
[    1790ms] [LOG] [Fast Refresh] done in 131ms @ http://localhost:3100/_next/static/chunks/019s_next_dist_1o1o7m3._.js:776
[   16212ms] [LOG] [Fast Refresh] rebuilding @ http://localhost:3100/_next/static/chunks/019s_next_dist_1o1o7m3._.js:776
[   19895ms] [LOG] [Fast Refresh] done in 3533ms @ http://localhost:3100/_next/static/chunks/019s_next_dist_1o1o7m3._.js:776
[   20063ms] [LOG] [Fast Refresh] done in 3533ms @ http://localhost:3100/_next/static/chunks/019s_next_dist_1o1o7m3._.js:776
[   21118ms] [LOG] [Fast Refresh] done in 3533ms @ http://localhost:3100/_next/static/chunks/019s_next_dist_1o1o7m3._.js:776
[   23423ms] [LOG] [Fast Refresh] rebuilding @ http://localhost:3100/_next/static/chunks/019s_next_dist_1o1o7m3._.js:776
[   23979ms] [LOG] [Fast Refresh] done in 669ms @ http://localhost:3100/_next/static/chunks/019s_next_dist_1o1o7m3._.js:776
[   30493ms] [LOG] [Fast Refresh] rebuilding @ http://localhost:3100/_next/static/chunks/019s_next_dist_1o1o7m3._.js:776
[   31876ms] [LOG] [Fast Refresh] done in 1488ms @ http://localhost:3100/_next/static/chunks/019s_next_dist_1o1o7m3._.js:776
[   42537ms] [LOG] [Fast Refresh] rebuilding @ http://localhost:3100/_next/static/chunks/019s_next_dist_1o1o7m3._.js:776
[   44623ms] [LOG] [Fast Refresh] done in 2195ms @ http://localhost:3100/_next/static/chunks/019s_next_dist_1o1o7m3._.js:776
[   49750ms] [LOG] [Fast Refresh] rebuilding @ http://localhost:3100/_next/static/chunks/019s_next_dist_1o1o7m3._.js:776
[   49854ms] [LOG] [Fast Refresh] done in 211ms @ http://localhost:3100/_next/static/chunks/019s_next_dist_1o1o7m3._.js:776
[   50572ms] [LOG] [Fast Refresh] rebuilding @ http://localhost:3100/_next/static/chunks/019s_next_dist_1o1o7m3._.js:776
[   50903ms] [LOG] [Fast Refresh] done in 433ms @ http://localhost:3100/_next/static/chunks/019s_next_dist_1o1o7m3._.js:776
[   52773ms] [LOG] [Fast Refresh] rebuilding @ http://localhost:3100/_next/static/chunks/019s_next_dist_1o1o7m3._.js:776
[   52860ms] [LOG] [Fast Refresh] done in 189ms @ http://localhost:3100/_next/static/chunks/019s_next_dist_1o1o7m3._.js:776
[   53527ms] [LOG] [Fast Refresh] rebuilding @ http://localhost:3100/_next/static/chunks/019s_next_dist_1o1o7m3._.js:776
[   53928ms] [LOG] [Fast Refresh] done in 504ms @ http://localhost:3100/_next/static/chunks/019s_next_dist_1o1o7m3._.js:776
[   56132ms] [LOG] [Fast Refresh] rebuilding @ http://localhost:3100/_next/static/chunks/019s_next_dist_1o1o7m3._.js:776
[   56144ms] [LOG] [Fast Refresh] done in 117ms @ http://localhost:3100/_next/static/chunks/019s_next_dist_1o1o7m3._.js:776
[   56481ms] [LOG] [Fast Refresh] rebuilding @ http://localhost:3100/_next/static/chunks/019s_next_dist_1o1o7m3._.js:776
[   58054ms] [LOG] [Fast Refresh] done in 1675ms @ http://localhost:3100/_next/static/chunks/019s_next_dist_1o1o7m3._.js:776
[   59983ms] [LOG] [Fast Refresh] rebuilding @ http://localhost:3100/_next/static/chunks/019s_next_dist_1o1o7m3._.js:776
[   60283ms] [LOG] [Fast Refresh] done in 405ms @ http://localhost:3100/_next/static/chunks/019s_next_dist_1o1o7m3._.js:776
[   67731ms] [LOG] [Fast Refresh] rebuilding @ http://localhost:3100/_next/static/chunks/019s_next_dist_1o1o7m3._.js:776
[   68053ms] [LOG] [Fast Refresh] done in 424ms @ http://localhost:3100/_next/static/chunks/019s_next_dist_1o1o7m3._.js:776
[   70399ms] [LOG] [Fast Refresh] rebuilding @ http://localhost:3100/_next/static/chunks/019s_next_dist_1o1o7m3._.js:776
[   70450ms] [LOG] [Fast Refresh] done in 154ms @ http://localhost:3100/_next/static/chunks/019s_next_dist_1o1o7m3._.js:776
[  112308ms] [LOG] [Fast Refresh] rebuilding @ http://localhost:3100/_next/static/chunks/019s_next_dist_1o1o7m3._.js:776
[  121560ms] [LOG] [Fast Refresh] done in 8763ms @ http://localhost:3100/_next/static/chunks/019s_next_dist_1o1o7m3._.js:776
[  122465ms] [LOG] [Fast Refresh] rebuilding @ http://localhost:3100/_next/static/chunks/019s_next_dist_1o1o7m3._.js:776
[  122936ms] [LOG] [Fast Refresh] done in 572ms @ http://localhost:3100/_next/static/chunks/019s_next_dist_1o1o7m3._.js:776
[  178179ms] [LOG] [Fast Refresh] rebuilding @ http://localhost:3100/_next/static/chunks/019s_next_dist_1o1o7m3._.js:776
[  184304ms] [LOG] [Fast Refresh] done in 6051ms @ http://localhost:3100/_next/static/chunks/019s_next_dist_1o1o7m3._.js:776
[  185632ms] [LOG] [Fast Refresh] done in 6051ms @ http://localhost:3100/_next/static/chunks/019s_next_dist_1o1o7m3._.js:776
[  258639ms] [LOG] [Fast Refresh] rebuilding @ http://localhost:3100/_next/static/chunks/019s_next_dist_1o1o7m3._.js:776
[  262984ms] [LOG] [Fast Refresh] done in 4204ms @ http://localhost:3100/_next/static/chunks/019s_next_dist_1o1o7m3._.js:776
[  263962ms] [LOG] [Fast Refresh] done in 4204ms @ http://localhost:3100/_next/static/chunks/019s_next_dist_1o1o7m3._.js:776
[  342673ms] [LOG] [Fast Refresh] rebuilding @ http://localhost:3100/_next/static/chunks/019s_next_dist_1o1o7m3._.js:776
[  345420ms] [LOG] [Fast Refresh] done in 2885ms @ http://localhost:3100/_next/static/chunks/019s_next_dist_1o1o7m3._.js:776
[  350754ms] [LOG] [Fast Refresh] rebuilding @ http://localhost:3100/_next/static/chunks/019s_next_dist_1o1o7m3._.js:776
[  350887ms] [LOG] [Fast Refresh] done in 236ms @ http://localhost:3100/_next/static/chunks/019s_next_dist_1o1o7m3._.js:776
[  351642ms] [LOG] [Fast Refresh] rebuilding @ http://localhost:3100/_next/static/chunks/019s_next_dist_1o1o7m3._.js:776
[  351853ms] [LOG] [Fast Refresh] done in 313ms @ http://localhost:3100/_next/static/chunks/019s_next_dist_1o1o7m3._.js:776
[  432842ms] [LOG] [Fast Refresh] rebuilding @ http://localhost:3100/_next/static/chunks/019s_next_dist_1o1o7m3._.js:776
[  433174ms] [LOG] [Fast Refresh] done in 439ms @ http://localhost:3100/_next/static/chunks/019s_next_dist_1o1o7m3._.js:776
[  439782ms] [LOG] [Fast Refresh] rebuilding @ http://localhost:3100/_next/static/chunks/019s_next_dist_1o1o7m3._.js:776
[  440419ms] [LOG] [Fast Refresh] done in 746ms @ http://localhost:3100/_next/static/chunks/019s_next_dist_1o1o7m3._.js:776
[  442321ms] [LOG] [Fast Refresh] rebuilding @ http://localhost:3100/_next/static/chunks/019s_next_dist_1o1o7m3._.js:776
[  443625ms] [LOG] [Fast Refresh] done in 1409ms @ http://localhost:3100/_next/static/chunks/019s_next_dist_1o1o7m3._.js:776
[  540443ms] [LOG] [Fast Refresh] rebuilding @ http://localhost:3100/_next/static/chunks/019s_next_dist_1o1o7m3._.js:776
[  542790ms] [LOG] [Fast Refresh] done in 2079ms @ http://localhost:3100/_next/static/chunks/019s_next_dist_1o1o7m3._.js:776
[  543803ms] [LOG] [Fast Refresh] done in 2079ms @ http://localhost:3100/_next/static/chunks/019s_next_dist_1o1o7m3._.js:776
[  563281ms] [LOG] [Fast Refresh] rebuilding @ http://localhost:3100/_next/static/chunks/019s_next_dist_1o1o7m3._.js:776
[  563656ms] [LOG] [Fast Refresh] done in 483ms @ http://localhost:3100/_next/static/chunks/019s_next_dist_1o1o7m3._.js:776
[  567558ms] [LOG] [Fast Refresh] rebuilding @ http://localhost:3100/_next/static/chunks/019s_next_dist_1o1o7m3._.js:776
[  567830ms] [LOG] [Fast Refresh] done in 375ms @ http://localhost:3100/_next/static/chunks/019s_next_dist_1o1o7m3._.js:776
[  568033ms] [LOG] [Fast Refresh] rebuilding @ http://localhost:3100/_next/static/chunks/019s_next_dist_1o1o7m3._.js:776
[  568290ms] [LOG] [Fast Refresh] done in 358ms @ http://localhost:3100/_next/static/chunks/019s_next_dist_1o1o7m3._.js:776
[  604228ms] [LOG] [Fast Refresh] rebuilding @ http://localhost:3100/_next/static/chunks/019s_next_dist_1o1o7m3._.js:776
[  605280ms] [LOG] [Fast Refresh] done in 1160ms @ http://localhost:3100/_next/static/chunks/019s_next_dist_1o1o7m3._.js:776
[  615846ms] [LOG] [Fast Refresh] rebuilding @ http://localhost:3100/_next/static/chunks/019s_next_dist_1o1o7m3._.js:776
[  617475ms] [LOG] [Fast Refresh] done in 1735ms @ http://localhost:3100/_next/static/chunks/019s_next_dist_1o1o7m3._.js:776
[  711330ms] [LOG] [Fast Refresh] rebuilding @ http://localhost:3100/_next/static/chunks/019s_next_dist_1o1o7m3._.js:776
[  714421ms] [LOG] [Fast Refresh] done in 2871ms @ http://localhost:3100/_next/static/chunks/019s_next_dist_1o1o7m3._.js:776
[  715261ms] [LOG] [Fast Refresh] done in 2871ms @ http://localhost:3100/_next/static/chunks/019s_next_dist_1o1o7m3._.js:776
[  739706ms] [LOG] [Fast Refresh] rebuilding @ http://localhost:3100/_next/static/chunks/019s_next_dist_1o1o7m3._.js:776
[  741111ms] [LOG] [Fast Refresh] done in 1514ms @ http://localhost:3100/_next/static/chunks/019s_next_dist_1o1o7m3._.js:776
[  742288ms] [LOG] [Fast Refresh] rebuilding @ http://localhost:3100/_next/static/chunks/019s_next_dist_1o1o7m3._.js:776
[  742532ms] [LOG] [Fast Refresh] done in 346ms @ http://localhost:3100/_next/static/chunks/019s_next_dist_1o1o7m3._.js:776
[  747030ms] [LOG] [Fast Refresh] rebuilding @ http://localhost:3100/_next/static/chunks/019s_next_dist_1o1o7m3._.js:776
[  747301ms] [LOG] [Fast Refresh] done in 372ms @ http://localhost:3100/_next/static/chunks/019s_next_dist_1o1o7m3._.js:776
[  747661ms] [LOG] [Fast Refresh] rebuilding @ http://localhost:3100/_next/static/chunks/019s_next_dist_1o1o7m3._.js:776
[  747968ms] [LOG] [Fast Refresh] done in 408ms @ http://localhost:3100/_next/static/chunks/019s_next_dist_1o1o7m3._.js:776
[  752488ms] [LOG] [Fast Refresh] rebuilding @ http://localhost:3100/_next/static/chunks/019s_next_dist_1o1o7m3._.js:776
[  753651ms] [LOG] [Fast Refresh] done in 1262ms @ http://localhost:3100/_next/static/chunks/019s_next_dist_1o1o7m3._.js:776
[  770493ms] [LOG] [Fast Refresh] rebuilding @ http://localhost:3100/_next/static/chunks/019s_next_dist_1o1o7m3._.js:776
[  773302ms] [LOG] [Fast Refresh] done in 2916ms @ http://localhost:3100/_next/static/chunks/019s_next_dist_1o1o7m3._.js:776
[  796986ms] [LOG] [Fast Refresh] rebuilding @ http://localhost:3100/_next/static/chunks/019s_next_dist_1o1o7m3._.js:776
[  797882ms] [LOG] [Fast Refresh] done in 1011ms @ http://localhost:3100/_next/static/chunks/019s_next_dist_1o1o7m3._.js:776
[  813921ms] [LOG] [Fast Refresh] rebuilding @ http://localhost:3100/_next/static/chunks/019s_next_dist_1o1o7m3._.js:776
[  814274ms] [LOG] [Fast Refresh] done in 459ms @ http://localhost:3100/_next/static/chunks/019s_next_dist_1o1o7m3._.js:776
[  818543ms] [LOG] [Fast Refresh] rebuilding @ http://localhost:3100/_next/static/chunks/019s_next_dist_1o1o7m3._.js:776
[  818612ms] [LOG] [Fast Refresh] done in 174ms @ http://localhost:3100/_next/static/chunks/019s_next_dist_1o1o7m3._.js:776
[  818928ms] [LOG] [Fast Refresh] rebuilding @ http://localhost:3100/_next/static/chunks/019s_next_dist_1o1o7m3._.js:776
[  818991ms] [LOG] [Fast Refresh] done in 163ms @ http://localhost:3100/_next/static/chunks/019s_next_dist_1o1o7m3._.js:776
[  825363ms] [LOG] [Fast Refresh] rebuilding @ http://localhost:3100/_next/static/chunks/019s_next_dist_1o1o7m3._.js:776
[  825747ms] [LOG] [Fast Refresh] done in 487ms @ http://localhost:3100/_next/static/chunks/019s_next_dist_1o1o7m3._.js:776
[  826717ms] [LOG] [Fast Refresh] rebuilding @ http://localhost:3100/_next/static/chunks/019s_next_dist_1o1o7m3._.js:776
[  826827ms] [LOG] [Fast Refresh] done in 212ms @ http://localhost:3100/_next/static/chunks/019s_next_dist_1o1o7m3._.js:776
[  836838ms] [LOG] [Fast Refresh] rebuilding @ http://localhost:3100/_next/static/chunks/019s_next_dist_1o1o7m3._.js:776
[  837307ms] [LOG] [Fast Refresh] done in 576ms @ http://localhost:3100/_next/static/chunks/019s_next_dist_1o1o7m3._.js:776
[  852464ms] [LOG] [Fast Refresh] rebuilding @ http://localhost:3100/_next/static/chunks/019s_next_dist_1o1o7m3._.js:776
[  852556ms] [LOG] [Fast Refresh] done in 197ms @ http://localhost:3100/_next/static/chunks/019s_next_dist_1o1o7m3._.js:776
[  852978ms] [LOG] [Fast Refresh] rebuilding @ http://localhost:3100/_next/static/chunks/019s_next_dist_1o1o7m3._.js:776
[  853357ms] [LOG] [Fast Refresh] done in 480ms @ http://localhost:3100/_next/static/chunks/019s_next_dist_1o1o7m3._.js:776
[  867019ms] [LOG] [Fast Refresh] rebuilding @ http://localhost:3100/_next/static/chunks/019s_next_dist_1o1o7m3._.js:776
[  867447ms] [LOG] [Fast Refresh] done in 530ms @ http://localhost:3100/_next/static/chunks/019s_next_dist_1o1o7m3._.js:776
